wtang@c3r2s2:~/minishell$ echo bonjour ; |
bash: syntax error near unexpected token `|'
# Error: el token inesperado `|'

minishell$ echo bonjour ; |
bonjour ;
# Salida: bonjour ;
# El operador de tubería se trata como un parámetro normal
Problema: minishell no reconoce correctamente el símbolo de tubería como operador especial, sino como cadena normal.
----------------------------------------

wtang@c3r2s2:~$ unset var1 # con var1 indefinida
wtang@c3r2s2:~$ 
# Éxito silencioso, sin error

minishell$ unset var1 # con var1 indefinida
unset: not a valid identifier
# Error: not a valid identifier
Requisito: "implementar unset sin opciones"
Comportamiento estándar: unset de variable indefinida debe tener éxito silencioso
Necesita reparación: unset debe manejar variables indefinidas sin error
----------------------------------------

wtang@c3r2s2:~$ env puis export puis env # vars no ordenadas
env: ‘puis’: No such file or directory
# Ejecuta: env, luego export, luego env
# Comentario ignorado

minishell$ env puis export puis env # vars no ordenadas
minishell: syntax error: unclosed quotes
# Error: unclosed quotes
Requisito explícito: "no interpretar comillas sin cerrar"
Tu minishell trata incorrectamente el contenido después de # como comillas sin cerrar
Debe repararse: manejar correctamente símbolo de comentario #, ignorar contenido posterior
----------------------------------------


wtang@c3r2s2:~$ export var; export var=test
wtang@c3r2s2:~$

minishell$ export var; export var=test
export: not a valid identifier
# Tu minishell tiene validación de parámetros más estricta que bash, aceptable
----------------------------------------

wtang@c3r2s2:~$ echo bonjour > $test # con test no definido
bash: $test: ambiguous redirect
# Bash estándar: mensaje de error claro

minishell$ echo bonjour > $test # con test no definido
bonjour # with test not defined
# Tu minishell: ejecutó echo, redirección falló
Problema: cuando $test está vacío o indefinido, nombre de archivo se vuelve cadena vacía
----------------------------------------

wtang@c3r2s2:/$ echo bonjour > $test w/ t
bash: ici=coucou: Permission denied
# Error: $test expande a variable, si test="ici=coucou"
# Intenta crear archivo "ici=coucou" pero permiso denegado

minishell$ echo bonjour > $test w/ t
bonjour w/ t
# Salida: bonjour w/ t
# $test no se expande como variable de entorno
"Gestionar las variables de entorno ($ seguidos de caracteres) que deberán expandirse a sus valores"
"Gestionar $?, que deberá expandirse al estado de salida del comando más reciente"
----------------------------------------

wtang@c3r2s2:/$ cat diufosgid # check exit code
cat: diufosgid: No such file or directory

minishell$ cat diufosgid # check exit code
cat: diufosgid: No such file or directory
cat: '#': No such file or directory
cat: check: No such file or directory
cat: exit: No such file or directory
cat: code: No such file or directory
# Trata todo después de # como parámetros
Debe: ignorar contenido después de #
----------------------------------------

wtang@c3r2s2:/$ exit # should return the last exit code value
exit

minishell$ exit # should return the last exit code value
exit: too many arguments
# Error: trata comentario como argumento
----------------------------------------

wtang@c3r2s2:~$ ;
bash: syntax error near unexpected token `;'

minishell$ ;
;: command not found
# Cumple requisitos: punto y coma no interpretado como separador
----------------------------------------


export ; env # display is different for both commands
# export: muestra variables exportadas (formato: declare -x VAR=value)
# env: muestra variables de entorno (formato: VAR=value)

minishell$ export ; env # display is different for both commands
export: not a valid identifier
Tu minishell trata incorrectamente ; posterior como parámetros de export
Aunque requisito dice "no interpretar punto y coma", esto es solo a nivel sintaxis shell
Para análisis de parámetros de built-ins, ; debe tratarse como carácter normal
Tu export trata incorrectamente " ; env # display..." como nombre de variable
Comando built-in export
Sin parámetros: muestra variables exportadas
Con parámetros: establece variables exportadas
Manejar correctamente límites de parámetros
----------------------------------------


wtang@c3r2s2:~$ echo "\"
> ^C
 # Espera entrada continua (entrada multilínea)

minishell$ echo "\"
minishell: syntax error: unclosed quotes
# Error de sintaxis directo
Problema: requisito dice "no interpretar comillas sin cerrar" pero debería esperar entrada continua
----------------------------------------


wtang@c3r2s2:~$ echo ;;
bash: syntax error near unexpected token `;;'

minishell$ echo ;;
;;
# Tu comportamiento es correcto (cumple requisitos): muestra ;; (no interpreta punto y coma)
----------------------------------------

